// Jest Snapshot v1, https://goo.gl/fbAQLP

exports[`getColumnCells Match snapshot 1`] = `"[[{\\"type\\":{\\"displayName\\":\\"styled.tr\\",\\"attrs\\":[],\\"componentStyle\\":{\\"rules\\":[\\"\\\\n  border-top: 1px solid \\",null,\\";\\\\n\\\\n  \\",null,\\"\\\\n\\"],\\"isStatic\\":false,\\"componentId\\":\\"sc-bwzfXH\\"},\\"foldedComponentIds\\":[],\\"styledComponentId\\":\\"sc-bwzfXH\\",\\"target\\":\\"tr\\"},\\"key\\":\\"Interest Type\\",\\"ref\\":null,\\"props\\":{\\"children\\":[{\\"type\\":{\\"displayName\\":\\"styled.td\\",\\"attrs\\":[],\\"componentStyle\\":{\\"rules\\":[\\"\\\\n  &:last-child {\\\\n    text-align: right;\\\\n  }\\\\n\\"],\\"isStatic\\":false,\\"componentId\\":\\"sc-htpNat\\"},\\"foldedComponentIds\\":[],\\"styledComponentId\\":\\"sc-htpNat\\",\\"target\\":\\"td\\"},\\"key\\":null,\\"ref\\":null,\\"props\\":{\\"children\\":\\"Interest Type\\"},\\"_owner\\":null,\\"_store\\":{}},{\\"type\\":{\\"displayName\\":\\"styled.td\\",\\"attrs\\":[],\\"componentStyle\\":{\\"rules\\":[\\"\\\\n  &:last-child {\\\\n    text-align: right;\\\\n  }\\\\n\\"],\\"isStatic\\":false,\\"componentId\\":\\"sc-htpNat\\"},\\"foldedComponentIds\\":[],\\"styledComponentId\\":\\"sc-htpNat\\",\\"target\\":\\"td\\"},\\"key\\":null,\\"ref\\":null,\\"props\\":{\\"children\\":\\"Rolled Up\\"},\\"_owner\\":null,\\"_store\\":{}}]},\\"_owner\\":null,\\"_store\\":{}},{\\"type\\":{\\"displayName\\":\\"styled.tr\\",\\"attrs\\":[],\\"componentStyle\\":{\\"rules\\":[\\"\\\\n  border-top: 1px solid \\",null,\\";\\\\n\\\\n  \\",null,\\"\\\\n\\"],\\"isStatic\\":false,\\"componentId\\":\\"sc-bwzfXH\\"},\\"foldedComponentIds\\":[],\\"styledComponentId\\":\\"sc-bwzfXH\\",\\"target\\":\\"tr\\"},\\"key\\":\\"Term\\",\\"ref\\":null,\\"props\\":{\\"children\\":[{\\"type\\":{\\"displayName\\":\\"styled.td\\",\\"attrs\\":[],\\"componentStyle\\":{\\"rules\\":[\\"\\\\n  &:last-child {\\\\n    text-align: right;\\\\n  }\\\\n\\"],\\"isStatic\\":false,\\"componentId\\":\\"sc-htpNat\\"},\\"foldedComponentIds\\":[],\\"styledComponentId\\":\\"sc-htpNat\\",\\"target\\":\\"td\\"},\\"key\\":null,\\"ref\\":null,\\"props\\":{\\"children\\":\\"Term\\"},\\"_owner\\":null,\\"_store\\":{}},{\\"type\\":{\\"displayName\\":\\"styled.td\\",\\"attrs\\":[],\\"componentStyle\\":{\\"rules\\":[\\"\\\\n  &:last-child {\\\\n    text-align: right;\\\\n  }\\\\n\\"],\\"isStatic\\":false,\\"componentId\\":\\"sc-htpNat\\"},\\"foldedComponentIds\\":[],\\"styledComponentId\\":\\"sc-htpNat\\",\\"target\\":\\"td\\"},\\"key\\":null,\\"ref\\":null,\\"props\\":{\\"children\\":2},\\"_owner\\":null,\\"_store\\":{}}]},\\"_owner\\":null,\\"_store\\":{}},{\\"type\\":{\\"displayName\\":\\"styled.tr\\",\\"attrs\\":[],\\"componentStyle\\":{\\"rules\\":[\\"\\\\n  border-top: 1px solid \\",null,\\";\\\\n\\\\n  \\",null,\\"\\\\n\\"],\\"isStatic\\":false,\\"componentId\\":\\"sc-bwzfXH\\"},\\"foldedComponentIds\\":[],\\"styledComponentId\\":\\"sc-bwzfXH\\",\\"target\\":\\"tr\\"},\\"key\\":\\"Drawdown Type\\",\\"ref\\":null,\\"props\\":{\\"children\\":[{\\"type\\":{\\"displayName\\":\\"styled.td\\",\\"attrs\\":[],\\"componentStyle\\":{\\"rules\\":[\\"\\\\n  &:last-child {\\\\n    text-align: right;\\\\n  }\\\\n\\"],\\"isStatic\\":false,\\"componentId\\":\\"sc-htpNat\\"},\\"foldedComponentIds\\":[],\\"styledComponentId\\":\\"sc-htpNat\\",\\"target\\":\\"td\\"},\\"key\\":null,\\"ref\\":null,\\"props\\":{\\"children\\":\\"Drawdown Type\\"},\\"_owner\\":null,\\"_store\\":{}},{\\"type\\":{\\"displayName\\":\\"styled.td\\",\\"attrs\\":[],\\"componentStyle\\":{\\"rules\\":[\\"\\\\n  &:last-child {\\\\n    text-align: right;\\\\n  }\\\\n\\"],\\"isStatic\\":false,\\"componentId\\":\\"sc-htpNat\\"},\\"foldedComponentIds\\":[],\\"styledComponentId\\":\\"sc-htpNat\\",\\"target\\":\\"td\\"},\\"key\\":null,\\"ref\\":null,\\"props\\":{\\"children\\":\\"Multiple\\"},\\"_owner\\":null,\\"_store\\":{}}]},\\"_owner\\":null,\\"_store\\":{}},{\\"type\\":{\\"displayName\\":\\"styled.tr\\",\\"attrs\\":[],\\"componentStyle\\":{\\"rules\\":[\\"\\\\n  border-top: 1px solid \\",null,\\";\\\\n\\\\n  \\",null,\\"\\\\n\\"],\\"isStatic\\":false,\\"componentId\\":\\"sc-bwzfXH\\"},\\"foldedComponentIds\\":[],\\"styledComponentId\\":\\"sc-bwzfXH\\",\\"target\\":\\"tr\\"},\\"key\\":\\"Net Loan Amount (Day 1)\\",\\"ref\\":null,\\"props\\":{\\"children\\":[{\\"type\\":{\\"displayName\\":\\"styled.td\\",\\"attrs\\":[],\\"componentStyle\\":{\\"rules\\":[\\"\\\\n  &:last-child {\\\\n    text-align: right;\\\\n  }\\\\n\\"],\\"isStatic\\":false,\\"componentId\\":\\"sc-htpNat\\"},\\"foldedComponentIds\\":[],\\"styledComponentId\\":\\"sc-htpNat\\",\\"target\\":\\"td\\"},\\"key\\":null,\\"ref\\":null,\\"props\\":{\\"children\\":\\"Net Loan Amount (Day 1)\\"},\\"_owner\\":null,\\"_store\\":{}},{\\"type\\":{\\"displayName\\":\\"styled.td\\",\\"attrs\\":[],\\"componentStyle\\":{\\"rules\\":[\\"\\\\n  &:last-child {\\\\n    text-align: right;\\\\n  }\\\\n\\"],\\"isStatic\\":false,\\"componentId\\":\\"sc-htpNat\\"},\\"foldedComponentIds\\":[],\\"styledComponentId\\":\\"sc-htpNat\\",\\"target\\":\\"td\\"},\\"key\\":null,\\"ref\\":null,\\"props\\":{\\"children\\":\\"-£552.20\\"},\\"_owner\\":null,\\"_store\\":{}}]},\\"_owner\\":null,\\"_store\\":{}},{\\"type\\":{\\"displayName\\":\\"styled.tr\\",\\"attrs\\":[],\\"componentStyle\\":{\\"rules\\":[\\"\\\\n  border-top: 1px solid \\",null,\\";\\\\n\\\\n  \\",null,\\"\\\\n\\"],\\"isStatic\\":false,\\"componentId\\":\\"sc-bwzfXH\\"},\\"foldedComponentIds\\":[],\\"styledComponentId\\":\\"sc-bwzfXH\\",\\"target\\":\\"tr\\"},\\"key\\":\\"Arrangement Fee\\",\\"ref\\":null,\\"props\\":{\\"children\\":[{\\"type\\":{\\"displayName\\":\\"styled.td\\",\\"attrs\\":[],\\"componentStyle\\":{\\"rules\\":[\\"\\\\n  &:last-child {\\\\n    text-align: right;\\\\n  }\\\\n\\"],\\"isStatic\\":false,\\"componentId\\":\\"sc-htpNat\\"},\\"foldedComponentIds\\":[],\\"styledComponentId\\":\\"sc-htpNat\\",\\"target\\":\\"td\\"},\\"key\\":null,\\"ref\\":null,\\"props\\":{\\"children\\":\\"Arrangement Fee\\"},\\"_owner\\":null,\\"_store\\":{}},{\\"type\\":{\\"displayName\\":\\"styled.td\\",\\"attrs\\":[],\\"componentStyle\\":{\\"rules\\":[\\"\\\\n  &:last-child {\\\\n    text-align: right;\\\\n  }\\\\n\\"],\\"isStatic\\":false,\\"componentId\\":\\"sc-htpNat\\"},\\"foldedComponentIds\\":[],\\"styledComponentId\\":\\"sc-htpNat\\",\\"target\\":\\"td\\"},\\"key\\":null,\\"ref\\":null,\\"props\\":{\\"children\\":\\"£1.20\\"},\\"_owner\\":null,\\"_store\\":{}}]},\\"_owner\\":null,\\"_store\\":{}},[{\\"type\\":{\\"displayName\\":\\"styled.tr\\",\\"attrs\\":[],\\"componentStyle\\":{\\"rules\\":[\\"\\\\n  border-top: 1px solid \\",null,\\";\\\\n\\\\n  \\",null,\\"\\\\n\\"],\\"isStatic\\":false,\\"componentId\\":\\"sc-bwzfXH\\"},\\"foldedComponentIds\\":[],\\"styledComponentId\\":\\"sc-bwzfXH\\",\\"target\\":\\"tr\\"},\\"key\\":\\"Arrangement Fee Retained\\",\\"ref\\":null,\\"props\\":{\\"nested\\":true,\\"children\\":[{\\"type\\":{\\"displayName\\":\\"styled.td\\",\\"attrs\\":[],\\"componentStyle\\":{\\"rules\\":[\\"\\\\n  &:last-child {\\\\n    text-align: right;\\\\n  }\\\\n\\"],\\"isStatic\\":false,\\"componentId\\":\\"sc-htpNat\\"},\\"foldedComponentIds\\":[],\\"styledComponentId\\":\\"sc-htpNat\\",\\"target\\":\\"td\\"},\\"key\\":null,\\"ref\\":null,\\"props\\":{\\"children\\":\\"Arrangement Fee Retained\\"},\\"_owner\\":null,\\"_store\\":{}},{\\"type\\":{\\"displayName\\":\\"styled.td\\",\\"attrs\\":[],\\"componentStyle\\":{\\"rules\\":[\\"\\\\n  &:last-child {\\\\n    text-align: right;\\\\n  }\\\\n\\"],\\"isStatic\\":false,\\"componentId\\":\\"sc-htpNat\\"},\\"foldedComponentIds\\":[],\\"styledComponentId\\":\\"sc-htpNat\\",\\"target\\":\\"td\\"},\\"key\\":null,\\"ref\\":null,\\"props\\":{\\"children\\":\\"£NaN\\"},\\"_owner\\":null,\\"_store\\":{}}]},\\"_owner\\":null,\\"_store\\":{}}],{\\"type\\":{\\"displayName\\":\\"styled.tr\\",\\"attrs\\":[],\\"componentStyle\\":{\\"rules\\":[\\"\\\\n  border-top: 1px solid \\",null,\\";\\\\n\\\\n  \\",null,\\"\\\\n\\"],\\"isStatic\\":false,\\"componentId\\":\\"sc-bwzfXH\\"},\\"foldedComponentIds\\":[],\\"styledComponentId\\":\\"sc-bwzfXH\\",\\"target\\":\\"tr\\"},\\"key\\":\\"Lender’s Insurance Fee\\",\\"ref\\":null,\\"props\\":{\\"children\\":[{\\"type\\":{\\"displayName\\":\\"styled.td\\",\\"attrs\\":[],\\"componentStyle\\":{\\"rules\\":[\\"\\\\n  &:last-child {\\\\n    text-align: right;\\\\n  }\\\\n\\"],\\"isStatic\\":false,\\"componentId\\":\\"sc-htpNat\\"},\\"foldedComponentIds\\":[],\\"styledComponentId\\":\\"sc-htpNat\\",\\"target\\":\\"td\\"},\\"key\\":null,\\"ref\\":null,\\"props\\":{\\"children\\":\\"Lender’s Insurance Fee\\"},\\"_owner\\":null,\\"_store\\":{}},{\\"type\\":{\\"displayName\\":\\"styled.td\\",\\"attrs\\":[],\\"componentStyle\\":{\\"rules\\":[\\"\\\\n  &:last-child {\\\\n    text-align: right;\\\\n  }\\\\n\\"],\\"isStatic\\":false,\\"componentId\\":\\"sc-htpNat\\"},\\"foldedComponentIds\\":[],\\"styledComponentId\\":\\"sc-htpNat\\",\\"target\\":\\"td\\"},\\"key\\":null,\\"ref\\":null,\\"props\\":{\\"children\\":\\"£250.00\\"},\\"_owner\\":null,\\"_store\\":{}}]},\\"_owner\\":null,\\"_store\\":{}},{\\"type\\":{\\"displayName\\":\\"styled.tr\\",\\"attrs\\":[],\\"componentStyle\\":{\\"rules\\":[\\"\\\\n  border-top: 1px solid \\",null,\\";\\\\n\\\\n  \\",null,\\"\\\\n\\"],\\"isStatic\\":false,\\"componentId\\":\\"sc-bwzfXH\\"},\\"foldedComponentIds\\":[],\\"styledComponentId\\":\\"sc-bwzfXH\\",\\"target\\":\\"tr\\"},\\"key\\":\\"Total Amount of First Advance\\",\\"ref\\":null,\\"props\\":{\\"children\\":[{\\"type\\":{\\"displayName\\":\\"styled.td\\",\\"attrs\\":[],\\"componentStyle\\":{\\"rules\\":[\\"\\\\n  &:last-child {\\\\n    text-align: right;\\\\n  }\\\\n\\"],\\"isStatic\\":false,\\"componentId\\":\\"sc-htpNat\\"},\\"foldedComponentIds\\":[],\\"styledComponentId\\":\\"sc-htpNat\\",\\"target\\":\\"td\\"},\\"key\\":null,\\"ref\\":null,\\"props\\":{\\"children\\":\\"Total Amount of First Advance\\"},\\"_owner\\":null,\\"_store\\":{}},{\\"type\\":{\\"displayName\\":\\"styled.td\\",\\"attrs\\":[],\\"componentStyle\\":{\\"rules\\":[\\"\\\\n  &:last-child {\\\\n    text-align: right;\\\\n  }\\\\n\\"],\\"isStatic\\":false,\\"componentId\\":\\"sc-htpNat\\"},\\"foldedComponentIds\\":[],\\"styledComponentId\\":\\"sc-htpNat\\",\\"target\\":\\"td\\"},\\"key\\":null,\\"ref\\":null,\\"props\\":{\\"children\\":100},\\"_owner\\":null,\\"_store\\":{}}]},\\"_owner\\":null,\\"_store\\":{}},{\\"type\\":{\\"displayName\\":\\"styled.tr\\",\\"attrs\\":[],\\"componentStyle\\":{\\"rules\\":[\\"\\\\n  border-top: 1px solid \\",null,\\";\\\\n\\\\n  \\",null,\\"\\\\n\\"],\\"isStatic\\":false,\\"componentId\\":\\"sc-bwzfXH\\"},\\"foldedComponentIds\\":[],\\"styledComponentId\\":\\"sc-bwzfXH\\",\\"target\\":\\"tr\\"},\\"key\\":\\"Estimated Interest (LTV Day 1)\\",\\"ref\\":null,\\"props\\":{\\"children\\":[{\\"type\\":{\\"displayName\\":\\"styled.td\\",\\"attrs\\":[],\\"componentStyle\\":{\\"rules\\":[\\"\\\\n  &:last-child {\\\\n    text-align: right;\\\\n  }\\\\n\\"],\\"isStatic\\":false,\\"componentId\\":\\"sc-htpNat\\"},\\"foldedComponentIds\\":[],\\"styledComponentId\\":\\"sc-htpNat\\",\\"target\\":\\"td\\"},\\"key\\":null,\\"ref\\":null,\\"props\\":{\\"children\\":\\"Estimated Interest (LTV Day 1)\\"},\\"_owner\\":null,\\"_store\\":{}},{\\"type\\":{\\"displayName\\":\\"styled.td\\",\\"attrs\\":[],\\"componentStyle\\":{\\"rules\\":[\\"\\\\n  &:last-child {\\\\n    text-align: right;\\\\n  }\\\\n\\"],\\"isStatic\\":false,\\"componentId\\":\\"sc-htpNat\\"},\\"foldedComponentIds\\":[],\\"styledComponentId\\":\\"sc-htpNat\\",\\"target\\":\\"td\\"},\\"key\\":null,\\"ref\\":null,\\"props\\":{\\"children\\":\\"£2.01\\"},\\"_owner\\":null,\\"_store\\":{}}]},\\"_owner\\":null,\\"_store\\":{}},{\\"type\\":{\\"displayName\\":\\"styled.tr\\",\\"attrs\\":[],\\"componentStyle\\":{\\"rules\\":[\\"\\\\n  border-top: 1px solid \\",null,\\";\\\\n\\\\n  \\",null,\\"\\\\n\\"],\\"isStatic\\":false,\\"componentId\\":\\"sc-bwzfXH\\"},\\"foldedComponentIds\\":[],\\"styledComponentId\\":\\"sc-bwzfXH\\",\\"target\\":\\"tr\\"},\\"key\\":\\"Gross Facility Amount (LTV Day 1)\\",\\"ref\\":null,\\"props\\":{\\"children\\":[{\\"type\\":{\\"displayName\\":\\"styled.td\\",\\"attrs\\":[],\\"componentStyle\\":{\\"rules\\":[\\"\\\\n  &:last-child {\\\\n    text-align: right;\\\\n  }\\\\n\\"],\\"isStatic\\":false,\\"componentId\\":\\"sc-htpNat\\"},\\"foldedComponentIds\\":[],\\"styledComponentId\\":\\"sc-htpNat\\",\\"target\\":\\"td\\"},\\"key\\":null,\\"ref\\":null,\\"props\\":{\\"children\\":\\"Gross Facility Amount (LTV Day 1)\\"},\\"_owner\\":null,\\"_store\\":{}},{\\"type\\":{\\"displayName\\":\\"styled.td\\",\\"attrs\\":[],\\"componentStyle\\":{\\"rules\\":[\\"\\\\n  &:last-child {\\\\n    text-align: right;\\\\n  }\\\\n\\"],\\"isStatic\\":false,\\"componentId\\":\\"sc-htpNat\\"},\\"foldedComponentIds\\":[],\\"styledComponentId\\":\\"sc-htpNat\\",\\"target\\":\\"td\\"},\\"key\\":null,\\"ref\\":null,\\"props\\":{\\"children\\":\\"£103.01\\"},\\"_owner\\":null,\\"_store\\":{}}]},\\"_owner\\":null,\\"_store\\":{}},{\\"type\\":{\\"displayName\\":\\"styled.tr\\",\\"attrs\\":[],\\"componentStyle\\":{\\"rules\\":[\\"\\\\n  border-top: 1px solid \\",null,\\";\\\\n\\\\n  \\",null,\\"\\\\n\\"],\\"isStatic\\":false,\\"componentId\\":\\"sc-bwzfXH\\"},\\"foldedComponentIds\\":[],\\"styledComponentId\\":\\"sc-bwzfXH\\",\\"target\\":\\"tr\\"},\\"key\\":\\"Subsequent Advances (i.e. drawdowns)\\",\\"ref\\":null,\\"props\\":{\\"children\\":[{\\"type\\":{\\"displayName\\":\\"styled.td\\",\\"attrs\\":[],\\"componentStyle\\":{\\"rules\\":[\\"\\\\n  &:last-child {\\\\n    text-align: right;\\\\n  }\\\\n\\"],\\"isStatic\\":false,\\"componentId\\":\\"sc-htpNat\\"},\\"foldedComponentIds\\":[],\\"styledComponentId\\":\\"sc-htpNat\\",\\"target\\":\\"td\\"},\\"key\\":null,\\"ref\\":null,\\"props\\":{\\"children\\":\\"Subsequent Advances (i.e. drawdowns)\\"},\\"_owner\\":null,\\"_store\\":{}},{\\"type\\":{\\"displayName\\":\\"styled.td\\",\\"attrs\\":[],\\"componentStyle\\":{\\"rules\\":[\\"\\\\n  &:last-child {\\\\n    text-align: right;\\\\n  }\\\\n\\"],\\"isStatic\\":false,\\"componentId\\":\\"sc-htpNat\\"},\\"foldedComponentIds\\":[],\\"styledComponentId\\":\\"sc-htpNat\\",\\"target\\":\\"td\\"},\\"key\\":null,\\"ref\\":null,\\"props\\":{\\"children\\":\\"£21.00\\"},\\"_owner\\":null,\\"_store\\":{}}]},\\"_owner\\":null,\\"_store\\":{}},{\\"type\\":{\\"displayName\\":\\"styled.tr\\",\\"attrs\\":[],\\"componentStyle\\":{\\"rules\\":[\\"\\\\n  border-top: 1px solid \\",null,\\";\\\\n\\\\n  \\",null,\\"\\\\n\\"],\\"isStatic\\":false,\\"componentId\\":\\"sc-bwzfXH\\"},\\"foldedComponentIds\\":[],\\"styledComponentId\\":\\"sc-bwzfXH\\",\\"target\\":\\"tr\\"},\\"key\\":\\"Total Loan Facility (Excl Interest)\\",\\"ref\\":null,\\"props\\":{\\"children\\":[{\\"type\\":{\\"displayName\\":\\"styled.td\\",\\"attrs\\":[],\\"componentStyle\\":{\\"rules\\":[\\"\\\\n  &:last-child {\\\\n    text-align: right;\\\\n  }\\\\n\\"],\\"isStatic\\":false,\\"componentId\\":\\"sc-htpNat\\"},\\"foldedComponentIds\\":[],\\"styledComponentId\\":\\"sc-htpNat\\",\\"target\\":\\"td\\"},\\"key\\":null,\\"ref\\":null,\\"props\\":{\\"children\\":\\"Total Loan Facility (Excl Interest)\\"},\\"_owner\\":null,\\"_store\\":{}},{\\"type\\":{\\"displayName\\":\\"styled.td\\",\\"attrs\\":[],\\"componentStyle\\":{\\"rules\\":[\\"\\\\n  &:last-child {\\\\n    text-align: right;\\\\n  }\\\\n\\"],\\"isStatic\\":false,\\"componentId\\":\\"sc-htpNat\\"},\\"foldedComponentIds\\":[],\\"styledComponentId\\":\\"sc-htpNat\\",\\"target\\":\\"td\\"},\\"key\\":null,\\"ref\\":null,\\"props\\":{\\"children\\":\\"£121.00\\"},\\"_owner\\":null,\\"_store\\":{}}]},\\"_owner\\":null,\\"_store\\":{}},{\\"type\\":{\\"displayName\\":\\"styled.tr\\",\\"attrs\\":[],\\"componentStyle\\":{\\"rules\\":[\\"\\\\n  border-top: 1px solid \\",null,\\";\\\\n\\\\n  \\",null,\\"\\\\n\\"],\\"isStatic\\":false,\\"componentId\\":\\"sc-bwzfXH\\"},\\"foldedComponentIds\\":[],\\"styledComponentId\\":\\"sc-bwzfXH\\",\\"target\\":\\"tr\\"},\\"key\\":\\"Estimated Total Rolled up Interest\\",\\"ref\\":null,\\"props\\":{\\"children\\":[{\\"type\\":{\\"displayName\\":\\"styled.td\\",\\"attrs\\":[],\\"componentStyle\\":{\\"rules\\":[\\"\\\\n  &:last-child {\\\\n    text-align: right;\\\\n  }\\\\n\\"],\\"isStatic\\":false,\\"componentId\\":\\"sc-htpNat\\"},\\"foldedComponentIds\\":[],\\"styledComponentId\\":\\"sc-htpNat\\",\\"target\\":\\"td\\"},\\"key\\":null,\\"ref\\":null,\\"props\\":{\\"children\\":\\"Estimated Total Rolled up Interest\\"},\\"_owner\\":null,\\"_store\\":{}},{\\"type\\":{\\"displayName\\":\\"styled.td\\",\\"attrs\\":[],\\"componentStyle\\":{\\"rules\\":[\\"\\\\n  &:last-child {\\\\n    text-align: right;\\\\n  }\\\\n\\"],\\"isStatic\\":false,\\"componentId\\":\\"sc-htpNat\\"},\\"foldedComponentIds\\":[],\\"styledComponentId\\":\\"sc-htpNat\\",\\"target\\":\\"td\\"},\\"key\\":null,\\"ref\\":null,\\"props\\":{\\"children\\":\\"£2.01\\"},\\"_owner\\":null,\\"_store\\":{}}]},\\"_owner\\":null,\\"_store\\":{}}],[{\\"type\\":{\\"displayName\\":\\"styled.tr\\",\\"attrs\\":[],\\"componentStyle\\":{\\"rules\\":[\\"\\\\n  border-top: 1px solid \\",null,\\";\\\\n\\\\n  \\",null,\\"\\\\n\\"],\\"isStatic\\":false,\\"componentId\\":\\"sc-bwzfXH\\"},\\"foldedComponentIds\\":[],\\"styledComponentId\\":\\"sc-bwzfXH\\",\\"target\\":\\"tr\\"},\\"key\\":\\"Exit Fee\\",\\"ref\\":null,\\"props\\":{\\"children\\":[{\\"type\\":{\\"displayName\\":\\"styled.td\\",\\"attrs\\":[],\\"componentStyle\\":{\\"rules\\":[\\"\\\\n  &:last-child {\\\\n    text-align: right;\\\\n  }\\\\n\\"],\\"isStatic\\":false,\\"componentId\\":\\"sc-htpNat\\"},\\"foldedComponentIds\\":[],\\"styledComponentId\\":\\"sc-htpNat\\",\\"target\\":\\"td\\"},\\"key\\":null,\\"ref\\":null,\\"props\\":{\\"children\\":\\"Exit Fee\\"},\\"_owner\\":null,\\"_store\\":{}},{\\"type\\":{\\"displayName\\":\\"styled.td\\",\\"attrs\\":[],\\"componentStyle\\":{\\"rules\\":[\\"\\\\n  &:last-child {\\\\n    text-align: right;\\\\n  }\\\\n\\"],\\"isStatic\\":false,\\"componentId\\":\\"sc-htpNat\\"},\\"foldedComponentIds\\":[],\\"styledComponentId\\":\\"sc-htpNat\\",\\"target\\":\\"td\\"},\\"key\\":null,\\"ref\\":null,\\"props\\":{\\"children\\":\\"£1.00\\"},\\"_owner\\":null,\\"_store\\":{}}]},\\"_owner\\":null,\\"_store\\":{}},[{\\"type\\":{\\"displayName\\":\\"styled.tr\\",\\"attrs\\":[],\\"componentStyle\\":{\\"rules\\":[\\"\\\\n  border-top: 1px solid \\",null,\\";\\\\n\\\\n  \\",null,\\"\\\\n\\"],\\"isStatic\\":false,\\"componentId\\":\\"sc-bwzfXH\\"},\\"foldedComponentIds\\":[],\\"styledComponentId\\":\\"sc-bwzfXH\\",\\"target\\":\\"tr\\"},\\"key\\":\\"Exit Fee Retained\\",\\"ref\\":null,\\"props\\":{\\"nested\\":true,\\"children\\":[{\\"type\\":{\\"displayName\\":\\"styled.td\\",\\"attrs\\":[],\\"componentStyle\\":{\\"rules\\":[\\"\\\\n  &:last-child {\\\\n    text-align: right;\\\\n  }\\\\n\\"],\\"isStatic\\":false,\\"componentId\\":\\"sc-htpNat\\"},\\"foldedComponentIds\\":[],\\"styledComponentId\\":\\"sc-htpNat\\",\\"target\\":\\"td\\"},\\"key\\":null,\\"ref\\":null,\\"props\\":{\\"children\\":\\"Exit Fee Retained\\"},\\"_owner\\":null,\\"_store\\":{}},{\\"type\\":{\\"displayName\\":\\"styled.td\\",\\"attrs\\":[],\\"componentStyle\\":{\\"rules\\":[\\"\\\\n  &:last-child {\\\\n    text-align: right;\\\\n  }\\\\n\\"],\\"isStatic\\":false,\\"componentId\\":\\"sc-htpNat\\"},\\"foldedComponentIds\\":[],\\"styledComponentId\\":\\"sc-htpNat\\",\\"target\\":\\"td\\"},\\"key\\":null,\\"ref\\":null,\\"props\\":{\\"children\\":\\"£NaN\\"},\\"_owner\\":null,\\"_store\\":{}}]},\\"_owner\\":null,\\"_store\\":{}}],{\\"type\\":{\\"displayName\\":\\"styled.tr\\",\\"attrs\\":[],\\"componentStyle\\":{\\"rules\\":[\\"\\\\n  border-top: 1px solid \\",null,\\";\\\\n\\\\n  \\",null,\\"\\\\n\\"],\\"isStatic\\":false,\\"componentId\\":\\"sc-bwzfXH\\"},\\"foldedComponentIds\\":[],\\"styledComponentId\\":\\"sc-bwzfXH\\",\\"target\\":\\"tr\\"},\\"key\\":\\"Gross Facility (Incl Interest)\\",\\"ref\\":null,\\"props\\":{\\"children\\":[{\\"type\\":{\\"displayName\\":\\"styled.td\\",\\"attrs\\":[],\\"componentStyle\\":{\\"rules\\":[\\"\\\\n  &:last-child {\\\\n    text-align: right;\\\\n  }\\\\n\\"],\\"isStatic\\":false,\\"componentId\\":\\"sc-htpNat\\"},\\"foldedComponentIds\\":[],\\"styledComponentId\\":\\"sc-htpNat\\",\\"target\\":\\"td\\"},\\"key\\":null,\\"ref\\":null,\\"props\\":{\\"children\\":\\"Gross Facility (Incl Interest)\\"},\\"_owner\\":null,\\"_store\\":{}},{\\"type\\":{\\"displayName\\":\\"styled.td\\",\\"attrs\\":[],\\"componentStyle\\":{\\"rules\\":[\\"\\\\n  &:last-child {\\\\n    text-align: right;\\\\n  }\\\\n\\"],\\"isStatic\\":false,\\"componentId\\":\\"sc-htpNat\\"},\\"foldedComponentIds\\":[],\\"styledComponentId\\":\\"sc-htpNat\\",\\"target\\":\\"td\\"},\\"key\\":null,\\"ref\\":null,\\"props\\":{\\"children\\":\\"£123.01\\"},\\"_owner\\":null,\\"_store\\":{}}]},\\"_owner\\":null,\\"_store\\":{}},{\\"type\\":{\\"displayName\\":\\"styled.tr\\",\\"attrs\\":[],\\"componentStyle\\":{\\"rules\\":[\\"\\\\n  border-top: 1px solid \\",null,\\";\\\\n\\\\n  \\",null,\\"\\\\n\\"],\\"isStatic\\":false,\\"componentId\\":\\"sc-bwzfXH\\"},\\"foldedComponentIds\\":[],\\"styledComponentId\\":\\"sc-bwzfXH\\",\\"target\\":\\"tr\\"},\\"key\\":\\"Rate of Interest (Month)\\",\\"ref\\":null,\\"props\\":{\\"children\\":[{\\"type\\":{\\"displayName\\":\\"styled.td\\",\\"attrs\\":[],\\"componentStyle\\":{\\"rules\\":[\\"\\\\n  &:last-child {\\\\n    text-align: right;\\\\n  }\\\\n\\"],\\"isStatic\\":false,\\"componentId\\":\\"sc-htpNat\\"},\\"foldedComponentIds\\":[],\\"styledComponentId\\":\\"sc-htpNat\\",\\"target\\":\\"td\\"},\\"key\\":null,\\"ref\\":null,\\"props\\":{\\"children\\":\\"Rate of Interest (Month)\\"},\\"_owner\\":null,\\"_store\\":{}},{\\"type\\":{\\"displayName\\":\\"styled.td\\",\\"attrs\\":[],\\"componentStyle\\":{\\"rules\\":[\\"\\\\n  &:last-child {\\\\n    text-align: right;\\\\n  }\\\\n\\"],\\"isStatic\\":false,\\"componentId\\":\\"sc-htpNat\\"},\\"foldedComponentIds\\":[],\\"styledComponentId\\":\\"sc-htpNat\\",\\"target\\":\\"td\\"},\\"key\\":null,\\"ref\\":null,\\"props\\":{\\"children\\":\\"1.00%\\"},\\"_owner\\":null,\\"_store\\":{}}]},\\"_owner\\":null,\\"_store\\":{}},{\\"type\\":{\\"displayName\\":\\"styled.tr\\",\\"attrs\\":[],\\"componentStyle\\":{\\"rules\\":[\\"\\\\n  border-top: 1px solid \\",null,\\";\\\\n\\\\n  \\",null,\\"\\\\n\\"],\\"isStatic\\":false,\\"componentId\\":\\"sc-bwzfXH\\"},\\"foldedComponentIds\\":[],\\"styledComponentId\\":\\"sc-bwzfXH\\",\\"target\\":\\"tr\\"},\\"key\\":\\"Loan Type\\",\\"ref\\":null,\\"props\\":{\\"children\\":[{\\"type\\":{\\"displayName\\":\\"styled.td\\",\\"attrs\\":[],\\"componentStyle\\":{\\"rules\\":[\\"\\\\n  &:last-child {\\\\n    text-align: right;\\\\n  }\\\\n\\"],\\"isStatic\\":false,\\"componentId\\":\\"sc-htpNat\\"},\\"foldedComponentIds\\":[],\\"styledComponentId\\":\\"sc-htpNat\\",\\"target\\":\\"td\\"},\\"key\\":null,\\"ref\\":null,\\"props\\":{\\"children\\":\\"Loan Type\\"},\\"_owner\\":null,\\"_store\\":{}},{\\"type\\":{\\"displayName\\":\\"styled.td\\",\\"attrs\\":[],\\"componentStyle\\":{\\"rules\\":[\\"\\\\n  &:last-child {\\\\n    text-align: right;\\\\n  }\\\\n\\"],\\"isStatic\\":false,\\"componentId\\":\\"sc-htpNat\\"},\\"foldedComponentIds\\":[],\\"styledComponentId\\":\\"sc-htpNat\\",\\"target\\":\\"td\\"},\\"key\\":null,\\"ref\\":null,\\"props\\":{\\"children\\":\\"Land\\"},\\"_owner\\":null,\\"_store\\":{}}]},\\"_owner\\":null,\\"_store\\":{}},{\\"type\\":{\\"displayName\\":\\"styled.tr\\",\\"attrs\\":[],\\"componentStyle\\":{\\"rules\\":[\\"\\\\n  border-top: 1px solid \\",null,\\";\\\\n\\\\n  \\",null,\\"\\\\n\\"],\\"isStatic\\":false,\\"componentId\\":\\"sc-bwzfXH\\"},\\"foldedComponentIds\\":[],\\"styledComponentId\\":\\"sc-bwzfXH\\",\\"target\\":\\"tr\\"},\\"key\\":\\"Build Period\\",\\"ref\\":null,\\"props\\":{\\"children\\":[{\\"type\\":{\\"displayName\\":\\"styled.td\\",\\"attrs\\":[],\\"componentStyle\\":{\\"rules\\":[\\"\\\\n  &:last-child {\\\\n    text-align: right;\\\\n  }\\\\n\\"],\\"isStatic\\":false,\\"componentId\\":\\"sc-htpNat\\"},\\"foldedComponentIds\\":[],\\"styledComponentId\\":\\"sc-htpNat\\",\\"target\\":\\"td\\"},\\"key\\":null,\\"ref\\":null,\\"props\\":{\\"children\\":\\"Build Period\\"},\\"_owner\\":null,\\"_store\\":{}},{\\"type\\":{\\"displayName\\":\\"styled.td\\",\\"attrs\\":[],\\"componentStyle\\":{\\"rules\\":[\\"\\\\n  &:last-child {\\\\n    text-align: right;\\\\n  }\\\\n\\"],\\"isStatic\\":false,\\"componentId\\":\\"sc-htpNat\\"},\\"foldedComponentIds\\":[],\\"styledComponentId\\":\\"sc-htpNat\\",\\"target\\":\\"td\\"},\\"key\\":null,\\"ref\\":null,\\"props\\":{\\"children\\":1},\\"_owner\\":null,\\"_store\\":{}}]},\\"_owner\\":null,\\"_store\\":{}},{\\"type\\":{\\"displayName\\":\\"styled.tr\\",\\"attrs\\":[],\\"componentStyle\\":{\\"rules\\":[\\"\\\\n  border-top: 1px solid \\",null,\\";\\\\n\\\\n  \\",null,\\"\\\\n\\"],\\"isStatic\\":false,\\"componentId\\":\\"sc-bwzfXH\\"},\\"foldedComponentIds\\":[],\\"styledComponentId\\":\\"sc-bwzfXH\\",\\"target\\":\\"tr\\"},\\"key\\":\\"Market Value 90 Day\\",\\"ref\\":null,\\"props\\":{\\"children\\":[{\\"type\\":{\\"displayName\\":\\"styled.td\\",\\"attrs\\":[],\\"componentStyle\\":{\\"rules\\":[\\"\\\\n  &:last-child {\\\\n    text-align: right;\\\\n  }\\\\n\\"],\\"isStatic\\":false,\\"componentId\\":\\"sc-htpNat\\"},\\"foldedComponentIds\\":[],\\"styledComponentId\\":\\"sc-htpNat\\",\\"target\\":\\"td\\"},\\"key\\":null,\\"ref\\":null,\\"props\\":{\\"children\\":\\"Market Value 90 Day\\"},\\"_owner\\":null,\\"_store\\":{}},{\\"type\\":{\\"displayName\\":\\"styled.td\\",\\"attrs\\":[],\\"componentStyle\\":{\\"rules\\":[\\"\\\\n  &:last-child {\\\\n    text-align: right;\\\\n  }\\\\n\\"],\\"isStatic\\":false,\\"componentId\\":\\"sc-htpNat\\"},\\"foldedComponentIds\\":[],\\"styledComponentId\\":\\"sc-htpNat\\",\\"target\\":\\"td\\"},\\"key\\":null,\\"ref\\":null,\\"props\\":{\\"children\\":\\"£333.00\\"},\\"_owner\\":null,\\"_store\\":{}}]},\\"_owner\\":null,\\"_store\\":{}},{\\"type\\":{\\"displayName\\":\\"styled.tr\\",\\"attrs\\":[],\\"componentStyle\\":{\\"rules\\":[\\"\\\\n  border-top: 1px solid \\",null,\\";\\\\n\\\\n  \\",null,\\"\\\\n\\"],\\"isStatic\\":false,\\"componentId\\":\\"sc-bwzfXH\\"},\\"foldedComponentIds\\":[],\\"styledComponentId\\":\\"sc-bwzfXH\\",\\"target\\":\\"tr\\"},\\"key\\":\\"Market Value (Day 1)\\",\\"ref\\":null,\\"props\\":{\\"children\\":[{\\"type\\":{\\"displayName\\":\\"styled.td\\",\\"attrs\\":[],\\"componentStyle\\":{\\"rules\\":[\\"\\\\n  &:last-child {\\\\n    text-align: right;\\\\n  }\\\\n\\"],\\"isStatic\\":false,\\"componentId\\":\\"sc-htpNat\\"},\\"foldedComponentIds\\":[],\\"styledComponentId\\":\\"sc-htpNat\\",\\"target\\":\\"td\\"},\\"key\\":null,\\"ref\\":null,\\"props\\":{\\"children\\":\\"Market Value (Day 1)\\"},\\"_owner\\":null,\\"_store\\":{}},{\\"type\\":{\\"displayName\\":\\"styled.td\\",\\"attrs\\":[],\\"componentStyle\\":{\\"rules\\":[\\"\\\\n  &:last-child {\\\\n    text-align: right;\\\\n  }\\\\n\\"],\\"isStatic\\":false,\\"componentId\\":\\"sc-htpNat\\"},\\"foldedComponentIds\\":[],\\"styledComponentId\\":\\"sc-htpNat\\",\\"target\\":\\"td\\"},\\"key\\":null,\\"ref\\":null,\\"props\\":{\\"children\\":\\"£16,000.00\\"},\\"_owner\\":null,\\"_store\\":{}}]},\\"_owner\\":null,\\"_store\\":{}},{\\"type\\":{\\"displayName\\":\\"styled.tr\\",\\"attrs\\":[],\\"componentStyle\\":{\\"rules\\":[\\"\\\\n  border-top: 1px solid \\",null,\\";\\\\n\\\\n  \\",null,\\"\\\\n\\"],\\"isStatic\\":false,\\"componentId\\":\\"sc-bwzfXH\\"},\\"foldedComponentIds\\":[],\\"styledComponentId\\":\\"sc-bwzfXH\\",\\"target\\":\\"tr\\"},\\"key\\":\\"Market Value 90 Day (Day 1)\\",\\"ref\\":null,\\"props\\":{\\"children\\":[{\\"type\\":{\\"displayName\\":\\"styled.td\\",\\"attrs\\":[],\\"componentStyle\\":{\\"rules\\":[\\"\\\\n  &:last-child {\\\\n    text-align: right;\\\\n  }\\\\n\\"],\\"isStatic\\":false,\\"componentId\\":\\"sc-htpNat\\"},\\"foldedComponentIds\\":[],\\"styledComponentId\\":\\"sc-htpNat\\",\\"target\\":\\"td\\"},\\"key\\":null,\\"ref\\":null,\\"props\\":{\\"children\\":\\"Market Value 90 Day (Day 1)\\"},\\"_owner\\":null,\\"_store\\":{}},{\\"type\\":{\\"displayName\\":\\"styled.td\\",\\"attrs\\":[],\\"componentStyle\\":{\\"rules\\":[\\"\\\\n  &:last-child {\\\\n    text-align: right;\\\\n  }\\\\n\\"],\\"isStatic\\":false,\\"componentId\\":\\"sc-htpNat\\"},\\"foldedComponentIds\\":[],\\"styledComponentId\\":\\"sc-htpNat\\",\\"target\\":\\"td\\"},\\"key\\":null,\\"ref\\":null,\\"props\\":{\\"children\\":\\"£333.00\\"},\\"_owner\\":null,\\"_store\\":{}}]},\\"_owner\\":null,\\"_store\\":{}},{\\"type\\":{\\"displayName\\":\\"styled.tr\\",\\"attrs\\":[],\\"componentStyle\\":{\\"rules\\":[\\"\\\\n  border-top: 1px solid \\",null,\\";\\\\n\\\\n  \\",null,\\"\\\\n\\"],\\"isStatic\\":false,\\"componentId\\":\\"sc-bwzfXH\\"},\\"foldedComponentIds\\":[],\\"styledComponentId\\":\\"sc-bwzfXH\\",\\"target\\":\\"tr\\"},\\"key\\":\\"LTV\\",\\"ref\\":null,\\"props\\":{\\"children\\":[{\\"type\\":{\\"displayName\\":\\"styled.td\\",\\"attrs\\":[],\\"componentStyle\\":{\\"rules\\":[\\"\\\\n  &:last-child {\\\\n    text-align: right;\\\\n  }\\\\n\\"],\\"isStatic\\":false,\\"componentId\\":\\"sc-htpNat\\"},\\"foldedComponentIds\\":[],\\"styledComponentId\\":\\"sc-htpNat\\",\\"target\\":\\"td\\"},\\"key\\":null,\\"ref\\":null,\\"props\\":{\\"children\\":\\"LTV\\"},\\"_owner\\":null,\\"_store\\":{}},{\\"type\\":{\\"displayName\\":\\"styled.td\\",\\"attrs\\":[],\\"componentStyle\\":{\\"rules\\":[\\"\\\\n  &:last-child {\\\\n    text-align: right;\\\\n  }\\\\n\\"],\\"isStatic\\":false,\\"componentId\\":\\"sc-htpNat\\"},\\"foldedComponentIds\\":[],\\"styledComponentId\\":\\"sc-htpNat\\",\\"target\\":\\"td\\"},\\"key\\":null,\\"ref\\":null,\\"props\\":{\\"children\\":\\"0.65%\\"},\\"_owner\\":null,\\"_store\\":{}}]},\\"_owner\\":null,\\"_store\\":{}},{\\"type\\":{\\"displayName\\":\\"styled.tr\\",\\"attrs\\":[],\\"componentStyle\\":{\\"rules\\":[\\"\\\\n  border-top: 1px solid \\",null,\\";\\\\n\\\\n  \\",null,\\"\\\\n\\"],\\"isStatic\\":false,\\"componentId\\":\\"sc-bwzfXH\\"},\\"foldedComponentIds\\":[],\\"styledComponentId\\":\\"sc-bwzfXH\\",\\"target\\":\\"tr\\"},\\"key\\":\\"GDV 90 Day\\",\\"ref\\":null,\\"props\\":{\\"children\\":[{\\"type\\":{\\"displayName\\":\\"styled.td\\",\\"attrs\\":[],\\"componentStyle\\":{\\"rules\\":[\\"\\\\n  &:last-child {\\\\n    text-align: right;\\\\n  }\\\\n\\"],\\"isStatic\\":false,\\"componentId\\":\\"sc-htpNat\\"},\\"foldedComponentIds\\":[],\\"styledComponentId\\":\\"sc-htpNat\\",\\"target\\":\\"td\\"},\\"key\\":null,\\"ref\\":null,\\"props\\":{\\"children\\":\\"GDV 90 Day\\"},\\"_owner\\":null,\\"_store\\":{}},{\\"type\\":{\\"displayName\\":\\"styled.td\\",\\"attrs\\":[],\\"componentStyle\\":{\\"rules\\":[\\"\\\\n  &:last-child {\\\\n    text-align: right;\\\\n  }\\\\n\\"],\\"isStatic\\":false,\\"componentId\\":\\"sc-htpNat\\"},\\"foldedComponentIds\\":[],\\"styledComponentId\\":\\"sc-htpNat\\",\\"target\\":\\"td\\"},\\"key\\":null,\\"ref\\":null,\\"props\\":{\\"children\\":\\"£444.00\\"},\\"_owner\\":null,\\"_store\\":{}}]},\\"_owner\\":null,\\"_store\\":{}},{\\"type\\":{\\"displayName\\":\\"styled.tr\\",\\"attrs\\":[],\\"componentStyle\\":{\\"rules\\":[\\"\\\\n  border-top: 1px solid \\",null,\\";\\\\n\\\\n  \\",null,\\"\\\\n\\"],\\"isStatic\\":false,\\"componentId\\":\\"sc-bwzfXH\\"},\\"foldedComponentIds\\":[],\\"styledComponentId\\":\\"sc-bwzfXH\\",\\"target\\":\\"tr\\"},\\"key\\":\\"GDVLTV\\",\\"ref\\":null,\\"props\\":{\\"children\\":[{\\"type\\":{\\"displayName\\":\\"styled.td\\",\\"attrs\\":[],\\"componentStyle\\":{\\"rules\\":[\\"\\\\n  &:last-child {\\\\n    text-align: right;\\\\n  }\\\\n\\"],\\"isStatic\\":false,\\"componentId\\":\\"sc-htpNat\\"},\\"foldedComponentIds\\":[],\\"styledComponentId\\":\\"sc-htpNat\\",\\"target\\":\\"td\\"},\\"key\\":null,\\"ref\\":null,\\"props\\":{\\"children\\":\\"GDVLTV\\"},\\"_owner\\":null,\\"_store\\":{}},{\\"type\\":{\\"displayName\\":\\"styled.td\\",\\"attrs\\":[],\\"componentStyle\\":{\\"rules\\":[\\"\\\\n  &:last-child {\\\\n    text-align: right;\\\\n  }\\\\n\\"],\\"isStatic\\":false,\\"componentId\\":\\"sc-htpNat\\"},\\"foldedComponentIds\\":[],\\"styledComponentId\\":\\"sc-htpNat\\",\\"target\\":\\"td\\"},\\"key\\":null,\\"ref\\":null,\\"props\\":{\\"children\\":\\"£0.10\\"},\\"_owner\\":null,\\"_store\\":{}}]},\\"_owner\\":null,\\"_store\\":{}},{\\"type\\":{\\"displayName\\":\\"styled.tr\\",\\"attrs\\":[],\\"componentStyle\\":{\\"rules\\":[\\"\\\\n  border-top: 1px solid \\",null,\\";\\\\n\\\\n  \\",null,\\"\\\\n\\"],\\"isStatic\\":false,\\"componentId\\":\\"sc-bwzfXH\\"},\\"foldedComponentIds\\":[],\\"styledComponentId\\":\\"sc-bwzfXH\\",\\"target\\":\\"tr\\"},\\"key\\":\\"IRR\\",\\"ref\\":null,\\"props\\":{\\"children\\":[{\\"type\\":{\\"displayName\\":\\"styled.td\\",\\"attrs\\":[],\\"componentStyle\\":{\\"rules\\":[\\"\\\\n  &:last-child {\\\\n    text-align: right;\\\\n  }\\\\n\\"],\\"isStatic\\":false,\\"componentId\\":\\"sc-htpNat\\"},\\"foldedComponentIds\\":[],\\"styledComponentId\\":\\"sc-htpNat\\",\\"target\\":\\"td\\"},\\"key\\":null,\\"ref\\":null,\\"props\\":{\\"children\\":\\"IRR\\"},\\"_owner\\":null,\\"_store\\":{}},{\\"type\\":{\\"displayName\\":\\"styled.td\\",\\"attrs\\":[],\\"componentStyle\\":{\\"rules\\":[\\"\\\\n  &:last-child {\\\\n    text-align: right;\\\\n  }\\\\n\\"],\\"isStatic\\":false,\\"componentId\\":\\"sc-htpNat\\"},\\"foldedComponentIds\\":[],\\"styledComponentId\\":\\"sc-htpNat\\",\\"target\\":\\"td\\"},\\"key\\":null,\\"ref\\":null,\\"props\\":{\\"children\\":\\"27.40%\\"},\\"_owner\\":null,\\"_store\\":{}}]},\\"_owner\\":null,\\"_store\\":{}}]]"`;
